// Jest Snapshot v1, https://goo.gl/fbAQLP

exports[`Testing For Menus Top Tab Bar Buttons Check Hot Tab View and test data 1`] = `
<RNCSafeAreaProvider
  onInsetsChange={[Function]}
  style={
    Array [
      Object {
        "flex": 1,
      },
      undefined,
    ]
  }
>
  <View
    style={
      Object {
        "flex": 1,
      }
    }
  >
    <View
      pointerEvents="box-none"
      style={
        Object {
          "zIndex": 1,
        }
      }
    >
      <View
        accessibilityElementsHidden={false}
        importantForAccessibility="auto"
        onLayout={[Function]}
        pointerEvents="box-none"
        style={null}
      >
        <View
          pointerEvents="box-none"
          style={
            Object {
              "bottom": 0,
              "left": 0,
              "opacity": 1,
              "position": "absolute",
              "right": 0,
              "top": 0,
              "zIndex": 0,
            }
          }
        >
          <View
            style={
              Object {
                "backgroundColor": "rgb(255, 255, 255)",
                "borderBottomColor": "rgb(216, 216, 216)",
                "flex": 1,
                "shadowColor": "rgb(216, 216, 216)",
                "shadowOffset": Object {
                  "height": 0.5,
                  "width": 0,
                },
                "shadowOpacity": 0.85,
                "shadowRadius": 0,
              }
            }
          />
        </View>
        <View
          pointerEvents="box-none"
          style={
            Object {
              "height": 44,
              "maxHeight": undefined,
              "minHeight": undefined,
              "opacity": undefined,
              "transform": undefined,
            }
          }
        >
          <View
            pointerEvents="none"
            style={
              Object {
                "height": 0,
              }
            }
          />
          <View
            pointerEvents="box-none"
            style={
              Object {
                "alignItems": "center",
                "flex": 1,
                "flexDirection": "row",
                "justifyContent": "center",
              }
            }
          >
            <View
              pointerEvents="box-none"
              style={
                Object {
                  "marginHorizontal": 16,
                  "opacity": 1,
                }
              }
            >
              <Text
                accessibilityRole="header"
                aria-level="1"
                numberOfLines={1}
                onLayout={[Function]}
                style={
                  Object {
                    "color": "rgb(28, 28, 30)",
                    "fontSize": 17,
                    "fontWeight": "600",
                  }
                }
              >
                MockedScreen
              </Text>
            </View>
          </View>
        </View>
      </View>
    </View>
    <RNSScreenContainer
      onLayout={[Function]}
      style={
        Object {
          "flex": 1,
        }
      }
    >
      <RNSScreen
        activityState={2}
        forwardedRef={[Function]}
        pointerEvents="box-none"
        style={
          Object {
            "bottom": 0,
            "left": 0,
            "position": "absolute",
            "right": 0,
            "top": 0,
          }
        }
      >
        <View
          collapsable={false}
          style={
            Object {
              "opacity": 1,
            }
          }
        />
        <View
          accessibilityElementsHidden={false}
          closing={false}
          gestureVelocityImpact={0.3}
          importantForAccessibility="auto"
          onClose={[Function]}
          onGestureBegin={[Function]}
          onGestureCanceled={[Function]}
          onGestureEnd={[Function]}
          onOpen={[Function]}
          onTransition={[Function]}
          pointerEvents="box-none"
          style={
            Array [
              Object {
                "overflow": undefined,
              },
              Object {
                "bottom": 0,
                "left": 0,
                "position": "absolute",
                "right": 0,
                "top": 0,
              },
            ]
          }
          transitionSpec={
            Object {
              "close": Object {
                "animation": "spring",
                "config": Object {
                  "damping": 500,
                  "mass": 3,
                  "overshootClamping": true,
                  "restDisplacementThreshold": 10,
                  "restSpeedThreshold": 10,
                  "stiffness": 1000,
                },
              },
              "open": Object {
                "animation": "spring",
                "config": Object {
                  "damping": 500,
                  "mass": 3,
                  "overshootClamping": true,
                  "restDisplacementThreshold": 10,
                  "restSpeedThreshold": 10,
                  "stiffness": 1000,
                },
              },
            }
          }
        >
          <View
            needsOffscreenAlphaCompositing={false}
            pointerEvents="box-none"
            style={
              Object {
                "flex": 1,
              }
            }
          >
            <View
              collapsable={false}
              forwardedRef={[Function]}
              onGestureHandlerEvent={[Function]}
              onGestureHandlerStateChange={[Function]}
              style={
                Object {
                  "flex": 1,
                  "transform": Array [
                    Object {
                      "translateX": 0,
                    },
                    Object {
                      "translateX": 0,
                    },
                  ],
                }
              }
            >
              <View
                pointerEvents="none"
                style={
                  Object {
                    "backgroundColor": "rgb(242, 242, 242)",
                    "bottom": 0,
                    "left": 0,
                    "position": "absolute",
                    "shadowColor": "#000",
                    "shadowOffset": Object {
                      "height": 1,
                      "width": -1,
                    },
                    "shadowOpacity": 0.3,
                    "shadowRadius": 5,
                    "top": 0,
                    "width": 3,
                  }
                }
              />
              <View
                style={
                  Array [
                    Object {
                      "flex": 1,
                      "overflow": "hidden",
                    },
                    Array [
                      Object {
                        "backgroundColor": "rgb(242, 242, 242)",
                      },
                      undefined,
                    ],
                  ]
                }
              >
                <View
                  style={
                    Object {
                      "flex": 1,
                      "flexDirection": "column-reverse",
                    }
                  }
                >
                  <View
                    style={
                      Object {
                        "flex": 1,
                      }
                    }
                  >
                    <View
                      style={
                        Array [
                          Object {},
                          Object {
                            "backgroundColor": "white",
                            "flex": 1,
                            "paddingHorizontal": 7.5,
                            "paddingVertical": 26.5,
                          },
                        ]
                      }
                      testID="top-screen"
                    >
                      <RCTScrollView
                        data={
                          Object {
                            "data": Object {
                              "children": Array [
                                Object {
                                  "data": Object {
                                    "author": "PrattlesnakeEsquire",
                                    "created": 1627572227,
                                    "link_flair_richtext": Array [],
                                    "num_comments": 2556,
                                    "permalink": "/r/pics/comments/otzlkk/broke_my_familys_poverty_cycle_my_wife_and_i_just/",
                                    "score": 93899,
                                    "subreddit_name_prefixed": "r/pics",
                                    "thumbnail": "https://b.thumbs.redditmedia.com/T2csfDDvwLY6cPxX_g4lTbr9O2OTS3LsTUTGkS3oAeE.jpg",
                                    "title": "Broke my family's poverty cycle - my wife and I just bought our first home!",
                                  },
                                  "kind": "t3",
                                },
                              ],
                            },
                          }
                        }
                        disableVirtualization={false}
                        getItem={[Function]}
                        getItemCount={[Function]}
                        horizontal={false}
                        initialNumToRender={10}
                        keyExtractor={[Function]}
                        maxToRenderPerBatch={10}
                        onContentSizeChange={[Function]}
                        onEndReachedThreshold={2}
                        onLayout={[Function]}
                        onMomentumScrollEnd={[Function]}
                        onRefresh={[Function]}
                        onScroll={[Function]}
                        onScrollBeginDrag={[Function]}
                        onScrollEndDrag={[Function]}
                        progressViewOffset={5}
                        refreshControl={
                          <RefreshControlMock
                            onRefresh={[Function]}
                            progressViewOffset={5}
                            refreshing={true}
                          />
                        }
                        refreshing={true}
                        removeClippedSubviews={false}
                        renderItem={[Function]}
                        scrollEventThrottle={50}
                        stickyHeaderIndices={Array []}
                        style={
                          Array [
                            Object {},
                          ]
                        }
                        testID="flatlist"
                        updateCellsBatchingPeriod={50}
                        viewabilityConfigCallbackPairs={Array []}
                        windowSize={21}
                      >
                        <RCTRefreshControl />
                        <View />
                      </RCTScrollView>
                    </View>
                  </View>
                </View>
              </View>
            </View>
          </View>
        </View>
      </RNSScreen>
    </RNSScreenContainer>
  </View>
</RNCSafeAreaProvider>
`;

exports[`Testing For Menus Top Tab Bar Buttons Check New Tab View and test data 1`] = `
<RNCSafeAreaProvider
  onInsetsChange={[Function]}
  style={
    Array [
      Object {
        "flex": 1,
      },
      undefined,
    ]
  }
>
  <View
    style={
      Object {
        "flex": 1,
      }
    }
  >
    <View
      pointerEvents="box-none"
      style={
        Object {
          "zIndex": 1,
        }
      }
    >
      <View
        accessibilityElementsHidden={false}
        importantForAccessibility="auto"
        onLayout={[Function]}
        pointerEvents="box-none"
        style={null}
      >
        <View
          pointerEvents="box-none"
          style={
            Object {
              "bottom": 0,
              "left": 0,
              "opacity": 1,
              "position": "absolute",
              "right": 0,
              "top": 0,
              "zIndex": 0,
            }
          }
        >
          <View
            style={
              Object {
                "backgroundColor": "rgb(255, 255, 255)",
                "borderBottomColor": "rgb(216, 216, 216)",
                "flex": 1,
                "shadowColor": "rgb(216, 216, 216)",
                "shadowOffset": Object {
                  "height": 0.5,
                  "width": 0,
                },
                "shadowOpacity": 0.85,
                "shadowRadius": 0,
              }
            }
          />
        </View>
        <View
          pointerEvents="box-none"
          style={
            Object {
              "height": 44,
              "maxHeight": undefined,
              "minHeight": undefined,
              "opacity": undefined,
              "transform": undefined,
            }
          }
        >
          <View
            pointerEvents="none"
            style={
              Object {
                "height": 0,
              }
            }
          />
          <View
            pointerEvents="box-none"
            style={
              Object {
                "alignItems": "center",
                "flex": 1,
                "flexDirection": "row",
                "justifyContent": "center",
              }
            }
          >
            <View
              pointerEvents="box-none"
              style={
                Object {
                  "marginHorizontal": 16,
                  "opacity": 1,
                }
              }
            >
              <Text
                accessibilityRole="header"
                aria-level="1"
                numberOfLines={1}
                onLayout={[Function]}
                style={
                  Object {
                    "color": "rgb(28, 28, 30)",
                    "fontSize": 17,
                    "fontWeight": "600",
                  }
                }
              >
                MockedScreen
              </Text>
            </View>
          </View>
        </View>
      </View>
    </View>
    <RNSScreenContainer
      onLayout={[Function]}
      style={
        Object {
          "flex": 1,
        }
      }
    >
      <RNSScreen
        activityState={2}
        forwardedRef={[Function]}
        pointerEvents="box-none"
        style={
          Object {
            "bottom": 0,
            "left": 0,
            "position": "absolute",
            "right": 0,
            "top": 0,
          }
        }
      >
        <View
          collapsable={false}
          style={
            Object {
              "opacity": 1,
            }
          }
        />
        <View
          accessibilityElementsHidden={false}
          closing={false}
          gestureVelocityImpact={0.3}
          importantForAccessibility="auto"
          onClose={[Function]}
          onGestureBegin={[Function]}
          onGestureCanceled={[Function]}
          onGestureEnd={[Function]}
          onOpen={[Function]}
          onTransition={[Function]}
          pointerEvents="box-none"
          style={
            Array [
              Object {
                "overflow": undefined,
              },
              Object {
                "bottom": 0,
                "left": 0,
                "position": "absolute",
                "right": 0,
                "top": 0,
              },
            ]
          }
          transitionSpec={
            Object {
              "close": Object {
                "animation": "spring",
                "config": Object {
                  "damping": 500,
                  "mass": 3,
                  "overshootClamping": true,
                  "restDisplacementThreshold": 10,
                  "restSpeedThreshold": 10,
                  "stiffness": 1000,
                },
              },
              "open": Object {
                "animation": "spring",
                "config": Object {
                  "damping": 500,
                  "mass": 3,
                  "overshootClamping": true,
                  "restDisplacementThreshold": 10,
                  "restSpeedThreshold": 10,
                  "stiffness": 1000,
                },
              },
            }
          }
        >
          <View
            needsOffscreenAlphaCompositing={false}
            pointerEvents="box-none"
            style={
              Object {
                "flex": 1,
              }
            }
          >
            <View
              collapsable={false}
              forwardedRef={[Function]}
              onGestureHandlerEvent={[Function]}
              onGestureHandlerStateChange={[Function]}
              style={
                Object {
                  "flex": 1,
                  "transform": Array [
                    Object {
                      "translateX": 0,
                    },
                    Object {
                      "translateX": 0,
                    },
                  ],
                }
              }
            >
              <View
                pointerEvents="none"
                style={
                  Object {
                    "backgroundColor": "rgb(242, 242, 242)",
                    "bottom": 0,
                    "left": 0,
                    "position": "absolute",
                    "shadowColor": "#000",
                    "shadowOffset": Object {
                      "height": 1,
                      "width": -1,
                    },
                    "shadowOpacity": 0.3,
                    "shadowRadius": 5,
                    "top": 0,
                    "width": 3,
                  }
                }
              />
              <View
                style={
                  Array [
                    Object {
                      "flex": 1,
                      "overflow": "hidden",
                    },
                    Array [
                      Object {
                        "backgroundColor": "rgb(242, 242, 242)",
                      },
                      undefined,
                    ],
                  ]
                }
              >
                <View
                  style={
                    Object {
                      "flex": 1,
                      "flexDirection": "column-reverse",
                    }
                  }
                >
                  <View
                    style={
                      Object {
                        "flex": 1,
                      }
                    }
                  >
                    <View
                      style={
                        Array [
                          Object {},
                          Object {
                            "backgroundColor": "white",
                            "flex": 1,
                            "paddingHorizontal": 7.5,
                            "paddingVertical": 26.5,
                          },
                        ]
                      }
                      testID="top-screen"
                    >
                      <RCTScrollView
                        data={
                          Object {
                            "data": Object {
                              "children": Array [
                                Object {
                                  "data": Object {
                                    "author": "PrattlesnakeEsquire",
                                    "created": 1627572227,
                                    "link_flair_richtext": Array [],
                                    "num_comments": 2556,
                                    "permalink": "/r/pics/comments/otzlkk/broke_my_familys_poverty_cycle_my_wife_and_i_just/",
                                    "score": 93899,
                                    "subreddit_name_prefixed": "r/pics",
                                    "thumbnail": "https://b.thumbs.redditmedia.com/T2csfDDvwLY6cPxX_g4lTbr9O2OTS3LsTUTGkS3oAeE.jpg",
                                    "title": "Broke my family's poverty cycle - my wife and I just bought our first home!",
                                  },
                                  "kind": "t3",
                                },
                              ],
                            },
                          }
                        }
                        disableVirtualization={false}
                        getItem={[Function]}
                        getItemCount={[Function]}
                        horizontal={false}
                        initialNumToRender={10}
                        keyExtractor={[Function]}
                        maxToRenderPerBatch={10}
                        onContentSizeChange={[Function]}
                        onEndReachedThreshold={2}
                        onLayout={[Function]}
                        onMomentumScrollEnd={[Function]}
                        onRefresh={[Function]}
                        onScroll={[Function]}
                        onScrollBeginDrag={[Function]}
                        onScrollEndDrag={[Function]}
                        progressViewOffset={5}
                        refreshControl={
                          <RefreshControlMock
                            onRefresh={[Function]}
                            progressViewOffset={5}
                            refreshing={true}
                          />
                        }
                        refreshing={true}
                        removeClippedSubviews={false}
                        renderItem={[Function]}
                        scrollEventThrottle={50}
                        stickyHeaderIndices={Array []}
                        style={
                          Array [
                            Object {},
                          ]
                        }
                        testID="flatlist"
                        updateCellsBatchingPeriod={50}
                        viewabilityConfigCallbackPairs={Array []}
                        windowSize={21}
                      >
                        <RCTRefreshControl />
                        <View />
                      </RCTScrollView>
                    </View>
                  </View>
                </View>
              </View>
            </View>
          </View>
        </View>
      </RNSScreen>
    </RNSScreenContainer>
  </View>
</RNCSafeAreaProvider>
`;

exports[`Testing For Menus Top Tab Bar Buttons Check Top Tab View and test data 1`] = `
<RNCSafeAreaProvider
  onInsetsChange={[Function]}
  style={
    Array [
      Object {
        "flex": 1,
      },
      undefined,
    ]
  }
>
  <View
    style={
      Object {
        "flex": 1,
      }
    }
  >
    <View
      pointerEvents="box-none"
      style={
        Object {
          "zIndex": 1,
        }
      }
    >
      <View
        accessibilityElementsHidden={false}
        importantForAccessibility="auto"
        onLayout={[Function]}
        pointerEvents="box-none"
        style={null}
      >
        <View
          pointerEvents="box-none"
          style={
            Object {
              "bottom": 0,
              "left": 0,
              "opacity": 1,
              "position": "absolute",
              "right": 0,
              "top": 0,
              "zIndex": 0,
            }
          }
        >
          <View
            style={
              Object {
                "backgroundColor": "rgb(255, 255, 255)",
                "borderBottomColor": "rgb(216, 216, 216)",
                "flex": 1,
                "shadowColor": "rgb(216, 216, 216)",
                "shadowOffset": Object {
                  "height": 0.5,
                  "width": 0,
                },
                "shadowOpacity": 0.85,
                "shadowRadius": 0,
              }
            }
          />
        </View>
        <View
          pointerEvents="box-none"
          style={
            Object {
              "height": 44,
              "maxHeight": undefined,
              "minHeight": undefined,
              "opacity": undefined,
              "transform": undefined,
            }
          }
        >
          <View
            pointerEvents="none"
            style={
              Object {
                "height": 0,
              }
            }
          />
          <View
            pointerEvents="box-none"
            style={
              Object {
                "alignItems": "center",
                "flex": 1,
                "flexDirection": "row",
                "justifyContent": "center",
              }
            }
          >
            <View
              pointerEvents="box-none"
              style={
                Object {
                  "marginHorizontal": 16,
                  "opacity": 1,
                }
              }
            >
              <Text
                accessibilityRole="header"
                aria-level="1"
                numberOfLines={1}
                onLayout={[Function]}
                style={
                  Object {
                    "color": "rgb(28, 28, 30)",
                    "fontSize": 17,
                    "fontWeight": "600",
                  }
                }
              >
                MockedScreen
              </Text>
            </View>
          </View>
        </View>
      </View>
    </View>
    <RNSScreenContainer
      onLayout={[Function]}
      style={
        Object {
          "flex": 1,
        }
      }
    >
      <RNSScreen
        activityState={2}
        forwardedRef={[Function]}
        pointerEvents="box-none"
        style={
          Object {
            "bottom": 0,
            "left": 0,
            "position": "absolute",
            "right": 0,
            "top": 0,
          }
        }
      >
        <View
          collapsable={false}
          style={
            Object {
              "opacity": 1,
            }
          }
        />
        <View
          accessibilityElementsHidden={false}
          closing={false}
          gestureVelocityImpact={0.3}
          importantForAccessibility="auto"
          onClose={[Function]}
          onGestureBegin={[Function]}
          onGestureCanceled={[Function]}
          onGestureEnd={[Function]}
          onOpen={[Function]}
          onTransition={[Function]}
          pointerEvents="box-none"
          style={
            Array [
              Object {
                "overflow": undefined,
              },
              Object {
                "bottom": 0,
                "left": 0,
                "position": "absolute",
                "right": 0,
                "top": 0,
              },
            ]
          }
          transitionSpec={
            Object {
              "close": Object {
                "animation": "spring",
                "config": Object {
                  "damping": 500,
                  "mass": 3,
                  "overshootClamping": true,
                  "restDisplacementThreshold": 10,
                  "restSpeedThreshold": 10,
                  "stiffness": 1000,
                },
              },
              "open": Object {
                "animation": "spring",
                "config": Object {
                  "damping": 500,
                  "mass": 3,
                  "overshootClamping": true,
                  "restDisplacementThreshold": 10,
                  "restSpeedThreshold": 10,
                  "stiffness": 1000,
                },
              },
            }
          }
        >
          <View
            needsOffscreenAlphaCompositing={false}
            pointerEvents="box-none"
            style={
              Object {
                "flex": 1,
              }
            }
          >
            <View
              collapsable={false}
              forwardedRef={[Function]}
              onGestureHandlerEvent={[Function]}
              onGestureHandlerStateChange={[Function]}
              style={
                Object {
                  "flex": 1,
                  "transform": Array [
                    Object {
                      "translateX": 0,
                    },
                    Object {
                      "translateX": 0,
                    },
                  ],
                }
              }
            >
              <View
                pointerEvents="none"
                style={
                  Object {
                    "backgroundColor": "rgb(242, 242, 242)",
                    "bottom": 0,
                    "left": 0,
                    "position": "absolute",
                    "shadowColor": "#000",
                    "shadowOffset": Object {
                      "height": 1,
                      "width": -1,
                    },
                    "shadowOpacity": 0.3,
                    "shadowRadius": 5,
                    "top": 0,
                    "width": 3,
                  }
                }
              />
              <View
                style={
                  Array [
                    Object {
                      "flex": 1,
                      "overflow": "hidden",
                    },
                    Array [
                      Object {
                        "backgroundColor": "rgb(242, 242, 242)",
                      },
                      undefined,
                    ],
                  ]
                }
              >
                <View
                  style={
                    Object {
                      "flex": 1,
                      "flexDirection": "column-reverse",
                    }
                  }
                >
                  <View
                    style={
                      Object {
                        "flex": 1,
                      }
                    }
                  >
                    <View
                      style={
                        Array [
                          Object {},
                          Object {
                            "backgroundColor": "white",
                            "flex": 1,
                            "paddingHorizontal": 7.5,
                            "paddingVertical": 26.5,
                          },
                        ]
                      }
                      testID="top-screen"
                    >
                      <RCTScrollView
                        data={
                          Object {
                            "data": Object {
                              "children": Array [
                                Object {
                                  "data": Object {
                                    "author": "PrattlesnakeEsquire",
                                    "created": 1627572227,
                                    "link_flair_richtext": Array [],
                                    "num_comments": 2556,
                                    "permalink": "/r/pics/comments/otzlkk/broke_my_familys_poverty_cycle_my_wife_and_i_just/",
                                    "score": 93899,
                                    "subreddit_name_prefixed": "r/pics",
                                    "thumbnail": "https://b.thumbs.redditmedia.com/T2csfDDvwLY6cPxX_g4lTbr9O2OTS3LsTUTGkS3oAeE.jpg",
                                    "title": "Broke my family's poverty cycle - my wife and I just bought our first home!",
                                  },
                                  "kind": "t3",
                                },
                              ],
                            },
                          }
                        }
                        disableVirtualization={false}
                        getItem={[Function]}
                        getItemCount={[Function]}
                        horizontal={false}
                        initialNumToRender={10}
                        keyExtractor={[Function]}
                        maxToRenderPerBatch={10}
                        onContentSizeChange={[Function]}
                        onEndReachedThreshold={2}
                        onLayout={[Function]}
                        onMomentumScrollEnd={[Function]}
                        onRefresh={[Function]}
                        onScroll={[Function]}
                        onScrollBeginDrag={[Function]}
                        onScrollEndDrag={[Function]}
                        progressViewOffset={5}
                        refreshControl={
                          <RefreshControlMock
                            onRefresh={[Function]}
                            progressViewOffset={5}
                            refreshing={true}
                          />
                        }
                        refreshing={true}
                        removeClippedSubviews={false}
                        renderItem={[Function]}
                        scrollEventThrottle={50}
                        stickyHeaderIndices={Array []}
                        style={
                          Array [
                            Object {},
                          ]
                        }
                        testID="flatlist"
                        updateCellsBatchingPeriod={50}
                        viewabilityConfigCallbackPairs={Array []}
                        windowSize={21}
                      >
                        <RCTRefreshControl />
                        <View />
                      </RCTScrollView>
                    </View>
                  </View>
                </View>
              </View>
            </View>
          </View>
        </View>
      </RNSScreen>
    </RNSScreenContainer>
  </View>
</RNCSafeAreaProvider>
`;
